
> restaurant@0.1.0 build
> next build

  ظû▓ Next.js 14.2.35
  - Environments: .env.local, .env

   Creating an optimized production build ...
> [PWA] Compile server
> [PWA] Compile server
> [PWA] Compile client (static)
> [PWA] Auto register service worker with: D:\Programming\restaurant\node_modules\next-pwa\register.js
> [PWA] Service worker: D:\Programming\restaurant\public\sw.js
> [PWA]   url: /sw.js
> [PWA]   scope: /
 ظ£ô Compiled successfully
   Skipping validation of types
   Skipping linting
   Collecting page data ...
UploadThing Route Handler Loaded
Token present: true
Token start: eyJhcGlLZX...
   Generating static pages (0/54) ...
node.exe : 
At line:1 char:1
+ & "C:\Program Files\nodejs/node.exe" "C:\Program Files\nodejs/node_mo ...
+ ~~~~~~~~~~~~~~~~~~~~~~~~~~~~~~~~~~~~~~~~~~~~~~~~~~~~~~~~~~~~~~~~~~~~~
    + CategoryInfo          : NotSpecified: (:String) [], RemoteException
    + FullyQualifiedErrorId : NativeCommandError
 
Error occurred prerendering page "/". Read more: 
https://nextjs.org/docs/messages/prerender-error

TypeError: Cannot read properties of undefined (reading 'clientModules')
    at D:\Programming\restaurant\node_modules\next\dist\compiled\next-server\app-page.runtime.
prod.js:17:24397
    at D:\Programming\restaurant\node_modules\next\dist\server\lib\trace\tracer.js:191:62
    at D:\Programming\restaurant\node_modules\next\dist\server\lib\trace\tracer.js:140:36
    at NoopContextManager.with 
(D:\Programming\restaurant\node_modules\next\dist\compiled\@opentelemetry\api\index.js:1:7062)
    at ContextAPI.with 
(D:\Programming\restaurant\node_modules\next\dist\compiled\@opentelemetry\api\index.js:1:518)
    at NoopTracer.startActiveSpan (D:\Programming\restaurant\node_modules\next\dist\compiled\@
opentelemetry\api\index.js:1:18093)
    at ProxyTracer.startActiveSpan (D:\Programming\restaurant\node_modules\next\dist\compiled\
@opentelemetry\api\index.js:1:18854)
    at D:\Programming\restaurant\node_modules\next\dist\server\lib\trace\tracer.js:122:103
    at NoopContextManager.with 
(D:\Programming\restaurant\node_modules\next\dist\compiled\@opentelemetry\api\index.js:1:7062)
    at ContextAPI.with 
(D:\Programming\restaurant\node_modules\next\dist\compiled\@opentelemetry\api\index.js:1:518)
   Generating static pages (13/54) 
UploadThing Route Handler Loaded
Token present: true
Token start: eyJhcGlLZX...
   Generating static pages (26/54) 
   Generating static pages (40/54) 
 ظ£ô Generating static pages (54/54)

> Export encountered errors on following paths:
	/(marketing)/page: /
